Component: ARM Compiler 5.06 update 7 (build 960) Tool: armlink [4d3601]

==============================================================================

Section Cross References

    main.o(.text) refers to delay.o(.text) for delay_init
    main.o(.text) refers to sys.o(.text) for NVIC_Configuration
    main.o(.text) refers to misc.o(.text) for NVIC_PriorityGroupConfig
    main.o(.text) refers to oled.o(.text) for OLED_Init
    main.o(.text) refers to usart_1.o(.text) for myuart
    main.o(.text) refers to stm32f10x_gpio.o(.text) for GPIO_ReadInputDataBit
    main.o(.text) refers to rt_memclr.o(.text) for __aeabi_memclr
    main.o(.text) refers to main.o(.data) for qing
    main.o(.text) refers to usart_1.o(.bss) for RX_buffer
    system_stm32f10x.o(.text) refers to system_stm32f10x.o(.data) for SystemCoreClock
    oled.o(.text) refers to stm32f10x_gpio.o(.text) for GPIO_SetBits
    oled.o(.text) refers to oled.o(.constdata) for F8X16
    oled.o(.text) refers to stm32f10x_rcc.o(.text) for RCC_APB2PeriphClockCmd
    oled.o(.text) refers to delay.o(.text) for delay_ms
    oled.o(.text) refers to oled.o(.data) for Hzk
    usart_1.o(.text) refers (Special) to use_no_semi_2.o(.text) for __use_no_semihosting
    usart_1.o(.text) refers to stm32f10x_usart.o(.text) for USART_DeInit
    usart_1.o(.text) refers to stm32f10x_rcc.o(.text) for RCC_APB2PeriphClockCmd
    usart_1.o(.text) refers to stm32f10x_gpio.o(.text) for GPIO_Init
    usart_1.o(.text) refers to misc.o(.text) for NVIC_Init
    usart_1.o(.text) refers to usart_1.o(.data) for USART_RX_STA
    usart_1.o(.text) refers to usart_1.o(.bss) for USART_RX_BUF
    usart_1.o(.bss) refers (Special) to use_no_semi_2.o(.text) for __use_no_semihosting
    usart_1.o(.data) refers (Special) to use_no_semi_2.o(.text) for __use_no_semihosting
    delay.o(.text) refers to misc.o(.text) for SysTick_CLKSourceConfig
    delay.o(.text) refers to system_stm32f10x.o(.data) for SystemCoreClock
    delay.o(.text) refers to delay.o(.data) for fac_us
    sys.o(.text) refers to misc.o(.text) for NVIC_PriorityGroupConfig
    startup_stm32f10x_hd.o(STACK) refers (Special) to heapauxi.o(.text) for __use_two_region_memory
    startup_stm32f10x_hd.o(HEAP) refers (Special) to heapauxi.o(.text) for __use_two_region_memory
    startup_stm32f10x_hd.o(RESET) refers (Special) to heapauxi.o(.text) for __use_two_region_memory
    startup_stm32f10x_hd.o(RESET) refers to startup_stm32f10x_hd.o(STACK) for __initial_sp
    startup_stm32f10x_hd.o(RESET) refers to startup_stm32f10x_hd.o(.text) for Reset_Handler
    startup_stm32f10x_hd.o(RESET) refers to stm32f10x_it.o(.text) for NMI_Handler
    startup_stm32f10x_hd.o(RESET) refers to usart_1.o(.text) for USART1_IRQHandler
    startup_stm32f10x_hd.o(.text) refers (Special) to heapauxi.o(.text) for __use_two_region_memory
    startup_stm32f10x_hd.o(.text) refers to system_stm32f10x.o(.text) for SystemInit
    startup_stm32f10x_hd.o(.text) refers to __main.o(!!!main) for __main
    startup_stm32f10x_hd.o(.text) refers to startup_stm32f10x_hd.o(HEAP) for Heap_Mem
    startup_stm32f10x_hd.o(.text) refers to startup_stm32f10x_hd.o(STACK) for Stack_Mem
    stm32f10x_gpio.o(.text) refers to stm32f10x_rcc.o(.text) for RCC_APB2PeriphResetCmd
    stm32f10x_rcc.o(.text) refers to stm32f10x_rcc.o(.data) for APBAHBPrescTable
    stm32f10x_usart.o(.text) refers to stm32f10x_rcc.o(.text) for RCC_APB2PeriphResetCmd
    use_no_semi_2.o(.text) refers (Special) to use_no_semi.o(.text) for __use_no_semihosting_swi
    rt_memclr.o(.text) refers to rt_memclr_w.o(.text) for _memset_w
    __main.o(!!!main) refers to __rtentry.o(.ARM.Collect$$rtentry$$00000000) for __rt_entry
    __rtentry.o(.ARM.Collect$$rtentry$$00000000) refers (Special) to __rtentry2.o(.ARM.Collect$$rtentry$$0000000A) for __rt_entry_li
    __rtentry.o(.ARM.Collect$$rtentry$$00000000) refers (Special) to __rtentry2.o(.ARM.Collect$$rtentry$$0000000D) for __rt_entry_main
    __rtentry.o(.ARM.Collect$$rtentry$$00000000) refers (Special) to __rtentry2.o(.ARM.Collect$$rtentry$$0000000C) for __rt_entry_postli_1
    __rtentry.o(.ARM.Collect$$rtentry$$00000000) refers (Special) to __rtentry2.o(.ARM.Collect$$rtentry$$00000009) for __rt_entry_postsh_1
    __rtentry.o(.ARM.Collect$$rtentry$$00000000) refers (Special) to __rtentry2.o(.ARM.Collect$$rtentry$$00000002) for __rt_entry_presh_1
    __rtentry.o(.ARM.Collect$$rtentry$$00000000) refers (Special) to __rtentry4.o(.ARM.Collect$$rtentry$$00000004) for __rt_entry_sh
    __rtentry2.o(.ARM.Collect$$rtentry$$00000008) refers to boardinit2.o(.text) for _platform_post_stackheap_init
    __rtentry2.o(.ARM.Collect$$rtentry$$0000000A) refers to libinit.o(.ARM.Collect$$libinit$$00000000) for __rt_lib_init
    __rtentry2.o(.ARM.Collect$$rtentry$$0000000B) refers to boardinit3.o(.text) for _platform_post_lib_init
    __rtentry2.o(.ARM.Collect$$rtentry$$0000000D) refers to main.o(.text) for main
    __rtentry2.o(.ARM.Collect$$rtentry$$0000000D) refers to exit.o(.text) for exit
    __rtentry2.o(.ARM.exidx) refers to __rtentry2.o(.ARM.Collect$$rtentry$$00000001) for .ARM.Collect$$rtentry$$00000001
    __rtentry2.o(.ARM.exidx) refers to __rtentry2.o(.ARM.Collect$$rtentry$$00000008) for .ARM.Collect$$rtentry$$00000008
    __rtentry2.o(.ARM.exidx) refers to __rtentry2.o(.ARM.Collect$$rtentry$$0000000A) for .ARM.Collect$$rtentry$$0000000A
    __rtentry2.o(.ARM.exidx) refers to __rtentry2.o(.ARM.Collect$$rtentry$$0000000B) for .ARM.Collect$$rtentry$$0000000B
    __rtentry2.o(.ARM.exidx) refers to __rtentry2.o(.ARM.Collect$$rtentry$$0000000D) for .ARM.Collect$$rtentry$$0000000D
    __rtentry4.o(.ARM.Collect$$rtentry$$00000004) refers to sys_stackheap_outer.o(.text) for __user_setup_stackheap
    __rtentry4.o(.ARM.exidx) refers to __rtentry4.o(.ARM.Collect$$rtentry$$00000004) for .ARM.Collect$$rtentry$$00000004
    sys_stackheap_outer.o(.text) refers to libspace.o(.text) for __user_perproc_libspace
    sys_stackheap_outer.o(.text) refers to startup_stm32f10x_hd.o(.text) for __user_initial_stackheap
    exit.o(.text) refers to rtexit.o(.ARM.Collect$$rtexit$$00000000) for __rt_exit
    libinit.o(.ARM.Collect$$libinit$$00000000) refers (Special) to libinit2.o(.ARM.Collect$$libinit$$0000002E) for __rt_lib_init_alloca_1
    libinit.o(.ARM.Collect$$libinit$$00000000) refers (Special) to libinit2.o(.ARM.Collect$$libinit$$0000002C) for __rt_lib_init_argv_1
    libinit.o(.ARM.Collect$$libinit$$00000000) refers (Special) to libinit2.o(.ARM.Collect$$libinit$$0000001B) for __rt_lib_init_atexit_1
    libinit.o(.ARM.Collect$$libinit$$00000000) refers (Special) to libinit2.o(.ARM.Collect$$libinit$$00000021) for __rt_lib_init_clock_1
    libinit.o(.ARM.Collect$$libinit$$00000000) refers (Special) to libinit2.o(.ARM.Collect$$libinit$$00000032) for __rt_lib_init_cpp_1
    libinit.o(.ARM.Collect$$libinit$$00000000) refers (Special) to libinit2.o(.ARM.Collect$$libinit$$00000030) for __rt_lib_init_exceptions_1
    libinit.o(.ARM.Collect$$libinit$$00000000) refers (Special) to libinit2.o(.ARM.Collect$$libinit$$00000002) for __rt_lib_init_fp_1
    libinit.o(.ARM.Collect$$libinit$$00000000) refers (Special) to libinit2.o(.ARM.Collect$$libinit$$0000001F) for __rt_lib_init_fp_trap_1
    libinit.o(.ARM.Collect$$libinit$$00000000) refers (Special) to libinit2.o(.ARM.Collect$$libinit$$00000023) for __rt_lib_init_getenv_1
    libinit.o(.ARM.Collect$$libinit$$00000000) refers (Special) to libinit2.o(.ARM.Collect$$libinit$$0000000A) for __rt_lib_init_heap_1
    libinit.o(.ARM.Collect$$libinit$$00000000) refers (Special) to libinit2.o(.ARM.Collect$$libinit$$00000011) for __rt_lib_init_lc_collate_1
    libinit.o(.ARM.Collect$$libinit$$00000000) refers (Special) to libinit2.o(.ARM.Collect$$libinit$$00000013) for __rt_lib_init_lc_ctype_1
    libinit.o(.ARM.Collect$$libinit$$00000000) refers (Special) to libinit2.o(.ARM.Collect$$libinit$$00000015) for __rt_lib_init_lc_monetary_1
    libinit.o(.ARM.Collect$$libinit$$00000000) refers (Special) to libinit2.o(.ARM.Collect$$libinit$$00000017) for __rt_lib_init_lc_numeric_1
    libinit.o(.ARM.Collect$$libinit$$00000000) refers (Special) to libinit2.o(.ARM.Collect$$libinit$$00000019) for __rt_lib_init_lc_time_1
    libinit.o(.ARM.Collect$$libinit$$00000000) refers (Special) to libinit2.o(.ARM.Collect$$libinit$$00000004) for __rt_lib_init_preinit_1
    libinit.o(.ARM.Collect$$libinit$$00000000) refers (Special) to libinit2.o(.ARM.Collect$$libinit$$0000000E) for __rt_lib_init_rand_1
    libinit.o(.ARM.Collect$$libinit$$00000000) refers (Special) to libinit2.o(.ARM.Collect$$libinit$$00000033) for __rt_lib_init_return
    libinit.o(.ARM.Collect$$libinit$$00000000) refers (Special) to libinit2.o(.ARM.Collect$$libinit$$0000001D) for __rt_lib_init_signal_1
    libinit.o(.ARM.Collect$$libinit$$00000000) refers (Special) to libinit2.o(.ARM.Collect$$libinit$$00000025) for __rt_lib_init_stdio_1
    libinit.o(.ARM.Collect$$libinit$$00000000) refers (Special) to libinit2.o(.ARM.Collect$$libinit$$0000000C) for __rt_lib_init_user_alloc_1
    libspace.o(.text) refers to libspace.o(.bss) for __libspace_start
    rtexit.o(.ARM.Collect$$rtexit$$00000000) refers (Special) to rtexit2.o(.ARM.Collect$$rtexit$$00000004) for __rt_exit_exit
    rtexit.o(.ARM.Collect$$rtexit$$00000000) refers (Special) to rtexit2.o(.ARM.Collect$$rtexit$$00000003) for __rt_exit_ls
    rtexit.o(.ARM.Collect$$rtexit$$00000000) refers (Special) to rtexit2.o(.ARM.Collect$$rtexit$$00000002) for __rt_exit_prels_1
    rtexit.o(.ARM.exidx) refers (Special) to rtexit2.o(.ARM.Collect$$rtexit$$00000004) for __rt_exit_exit
    rtexit.o(.ARM.exidx) refers (Special) to rtexit2.o(.ARM.Collect$$rtexit$$00000003) for __rt_exit_ls
    rtexit.o(.ARM.exidx) refers (Special) to rtexit2.o(.ARM.Collect$$rtexit$$00000002) for __rt_exit_prels_1
    rtexit.o(.ARM.exidx) refers to rtexit.o(.ARM.Collect$$rtexit$$00000000) for .ARM.Collect$$rtexit$$00000000
    libinit2.o(.ARM.Collect$$libinit$$00000010) refers to libinit2.o(.ARM.Collect$$libinit$$0000000F) for .ARM.Collect$$libinit$$0000000F
    libinit2.o(.ARM.Collect$$libinit$$00000012) refers to libinit2.o(.ARM.Collect$$libinit$$0000000F) for .ARM.Collect$$libinit$$0000000F
    libinit2.o(.ARM.Collect$$libinit$$00000014) refers to libinit2.o(.ARM.Collect$$libinit$$0000000F) for .ARM.Collect$$libinit$$0000000F
    libinit2.o(.ARM.Collect$$libinit$$00000016) refers to libinit2.o(.ARM.Collect$$libinit$$0000000F) for .ARM.Collect$$libinit$$0000000F
    libinit2.o(.ARM.Collect$$libinit$$00000018) refers to libinit2.o(.ARM.Collect$$libinit$$0000000F) for .ARM.Collect$$libinit$$0000000F
    libinit2.o(.ARM.Collect$$libinit$$00000026) refers to argv_veneer.o(.emb_text) for __ARM_argv_veneer
    libinit2.o(.ARM.Collect$$libinit$$00000027) refers to argv_veneer.o(.emb_text) for __ARM_argv_veneer
    rtexit2.o(.ARM.Collect$$rtexit$$00000003) refers to libshutdown.o(.ARM.Collect$$libshutdown$$00000000) for __rt_lib_shutdown
    rtexit2.o(.ARM.Collect$$rtexit$$00000004) refers to usart_1.o(.text) for _sys_exit
    rtexit2.o(.ARM.exidx) refers to rtexit2.o(.ARM.Collect$$rtexit$$00000001) for .ARM.Collect$$rtexit$$00000001
    rtexit2.o(.ARM.exidx) refers to rtexit2.o(.ARM.Collect$$rtexit$$00000003) for .ARM.Collect$$rtexit$$00000003
    rtexit2.o(.ARM.exidx) refers to rtexit2.o(.ARM.Collect$$rtexit$$00000004) for .ARM.Collect$$rtexit$$00000004
    argv_veneer.o(.emb_text) refers to no_argv.o(.text) for __ARM_get_argv
    _get_argv_nomalloc.o(.text) refers (Special) to hrguard.o(.text) for __heap_region$guard
    _get_argv_nomalloc.o(.text) refers to defsig_rtmem_outer.o(.text) for __rt_SIGRTMEM
    _get_argv_nomalloc.o(.text) refers to sys_command.o(.text) for _sys_command_string
    libshutdown.o(.ARM.Collect$$libshutdown$$00000000) refers (Special) to libshutdown2.o(.ARM.Collect$$libshutdown$$00000004) for __rt_lib_shutdown_cpp_1
    libshutdown.o(.ARM.Collect$$libshutdown$$00000000) refers (Special) to libshutdown2.o(.ARM.Collect$$libshutdown$$00000002) for __rt_lib_shutdown_fini_1
    libshutdown.o(.ARM.Collect$$libshutdown$$00000000) refers (Special) to libshutdown2.o(.ARM.Collect$$libshutdown$$00000009) for __rt_lib_shutdown_fp_trap_1
    libshutdown.o(.ARM.Collect$$libshutdown$$00000000) refers (Special) to libshutdown2.o(.ARM.Collect$$libshutdown$$00000011) for __rt_lib_shutdown_heap_1
    libshutdown.o(.ARM.Collect$$libshutdown$$00000000) refers (Special) to libshutdown2.o(.ARM.Collect$$libshutdown$$00000012) for __rt_lib_shutdown_return
    libshutdown.o(.ARM.Collect$$libshutdown$$00000000) refers (Special) to libshutdown2.o(.ARM.Collect$$libshutdown$$0000000C) for __rt_lib_shutdown_signal_1
    libshutdown.o(.ARM.Collect$$libshutdown$$00000000) refers (Special) to libshutdown2.o(.ARM.Collect$$libshutdown$$00000006) for __rt_lib_shutdown_stdio_1
    libshutdown.o(.ARM.Collect$$libshutdown$$00000000) refers (Special) to libshutdown2.o(.ARM.Collect$$libshutdown$$0000000E) for __rt_lib_shutdown_user_alloc_1
    sys_command.o(.text) refers (Special) to use_no_semi.o(.text) for __I$use$semihosting
    sys_command.o(.text) refers (Special) to indicate_semi.o(.text) for __semihosting_library_function
    defsig_rtmem_outer.o(.text) refers to defsig_rtmem_inner.o(.text) for __rt_SIGRTMEM_inner
    defsig_rtmem_outer.o(.text) refers to defsig_exit.o(.text) for __sig_exit
    defsig_rtmem_formal.o(.text) refers to rt_raise.o(.text) for __rt_raise
    rt_raise.o(.text) refers to __raise.o(.text) for __raise
    rt_raise.o(.text) refers to usart_1.o(.text) for _sys_exit
    defsig_exit.o(.text) refers to usart_1.o(.text) for _sys_exit
    defsig_rtmem_inner.o(.text) refers to defsig_general.o(.text) for __default_signal_display
    __raise.o(.text) refers to defsig.o(CL$$defsig) for __default_signal_handler
    defsig_general.o(.text) refers to sys_wrch.o(.text) for _ttywrch
    sys_wrch.o(.text) refers (Special) to use_no_semi.o(.text) for __I$use$semihosting
    sys_wrch.o(.text) refers (Special) to indicate_semi.o(.text) for __semihosting_library_function
    defsig.o(CL$$defsig) refers to defsig_rtmem_inner.o(.text) for __rt_SIGRTMEM_inner
    defsig_abrt_inner.o(.text) refers to defsig_general.o(.text) for __default_signal_display
    defsig_fpe_inner.o(.text) refers to defsig_general.o(.text) for __default_signal_display
    defsig_rtred_inner.o(.text) refers to defsig_general.o(.text) for __default_signal_display
    defsig_stak_inner.o(.text) refers to defsig_general.o(.text) for __default_signal_display
    defsig_pvfn_inner.o(.text) refers to defsig_general.o(.text) for __default_signal_display
    defsig_cppl_inner.o(.text) refers to defsig_general.o(.text) for __default_signal_display
    defsig_segv_inner.o(.text) refers to defsig_general.o(.text) for __default_signal_display
    defsig_other.o(.text) refers to defsig_general.o(.text) for __default_signal_display


==============================================================================

Removing Unused input sections from the image.

    Removing core_cm3.o(.emb_text), (32 bytes).

1 unused section(s) (total 32 bytes) removed from the image.

==============================================================================

Image Symbol Table

    Local Symbols

    Symbol Name                              Value     Ov Type        Size  Object(Section)

    ../clib/angel/boardlib.s                 0x00000000   Number         0  boardshut.o ABSOLUTE
    ../clib/angel/boardlib.s                 0x00000000   Number         0  boardinit1.o ABSOLUTE
    ../clib/angel/boardlib.s                 0x00000000   Number         0  boardinit2.o ABSOLUTE
    ../clib/angel/boardlib.s                 0x00000000   Number         0  boardinit3.o ABSOLUTE
    ../clib/angel/dclz77c.s                  0x00000000   Number         0  __dclz77c.o ABSOLUTE
    ../clib/angel/handlers.s                 0x00000000   Number         0  __scatter_zi.o ABSOLUTE
    ../clib/angel/kernel.s                   0x00000000   Number         0  __rtentry4.o ABSOLUTE
    ../clib/angel/kernel.s                   0x00000000   Number         0  rtexit2.o ABSOLUTE
    ../clib/angel/kernel.s                   0x00000000   Number         0  rtexit.o ABSOLUTE
    ../clib/angel/kernel.s                   0x00000000   Number         0  __rtentry.o ABSOLUTE
    ../clib/angel/kernel.s                   0x00000000   Number         0  __rtentry2.o ABSOLUTE
    ../clib/angel/rt.s                       0x00000000   Number         0  rt_raise.o ABSOLUTE
    ../clib/angel/scatter.s                  0x00000000   Number         0  __scatter.o ABSOLUTE
    ../clib/angel/startup.s                  0x00000000   Number         0  __main.o ABSOLUTE
    ../clib/angel/sys.s                      0x00000000   Number         0  sys_stackheap_outer.o ABSOLUTE
    ../clib/angel/sys.s                      0x00000000   Number         0  libspace.o ABSOLUTE
    ../clib/angel/sys.s                      0x00000000   Number         0  use_no_semi_2.o ABSOLUTE
    ../clib/angel/sys.s                      0x00000000   Number         0  indicate_semi.o ABSOLUTE
    ../clib/angel/sys.s                      0x00000000   Number         0  use_no_semi.o ABSOLUTE
    ../clib/angel/sysapp.c                   0x00000000   Number         0  sys_wrch.o ABSOLUTE
    ../clib/angel/sysapp.c                   0x00000000   Number         0  sys_command.o ABSOLUTE
    ../clib/armsys.c                         0x00000000   Number         0  argv_veneer.o ABSOLUTE
    ../clib/armsys.c                         0x00000000   Number         0  argv_veneer.o ABSOLUTE
    ../clib/armsys.c                         0x00000000   Number         0  no_argv.o ABSOLUTE
    ../clib/armsys.c                         0x00000000   Number         0  _get_argv_nomalloc.o ABSOLUTE
    ../clib/heapalloc.c                      0x00000000   Number         0  hrguard.o ABSOLUTE
    ../clib/heapaux.c                        0x00000000   Number         0  heapauxi.o ABSOLUTE
    ../clib/libinit.s                        0x00000000   Number         0  libinit2.o ABSOLUTE
    ../clib/libinit.s                        0x00000000   Number         0  libshutdown.o ABSOLUTE
    ../clib/libinit.s                        0x00000000   Number         0  libshutdown2.o ABSOLUTE
    ../clib/libinit.s                        0x00000000   Number         0  libinit.o ABSOLUTE
    ../clib/memcpset.s                       0x00000000   Number         0  rt_memclr_w.o ABSOLUTE
    ../clib/memcpset.s                       0x00000000   Number         0  rt_memclr.o ABSOLUTE
    ../clib/signal.c                         0x00000000   Number         0  defsig_other.o ABSOLUTE
    ../clib/signal.c                         0x00000000   Number         0  defsig_exit.o ABSOLUTE
    ../clib/signal.c                         0x00000000   Number         0  defsig_rtmem_outer.o ABSOLUTE
    ../clib/signal.c                         0x00000000   Number         0  defsig_rtmem_formal.o ABSOLUTE
    ../clib/signal.c                         0x00000000   Number         0  defsig_rtmem_inner.o ABSOLUTE
    ../clib/signal.c                         0x00000000   Number         0  __raise.o ABSOLUTE
    ../clib/signal.c                         0x00000000   Number         0  defsig_general.o ABSOLUTE
    ../clib/signal.c                         0x00000000   Number         0  defsig_abrt_inner.o ABSOLUTE
    ../clib/signal.c                         0x00000000   Number         0  defsig_fpe_inner.o ABSOLUTE
    ../clib/signal.c                         0x00000000   Number         0  defsig_rtred_inner.o ABSOLUTE
    ../clib/signal.c                         0x00000000   Number         0  defsig_stak_inner.o ABSOLUTE
    ../clib/signal.c                         0x00000000   Number         0  defsig_pvfn_inner.o ABSOLUTE
    ../clib/signal.c                         0x00000000   Number         0  defsig_cppl_inner.o ABSOLUTE
    ../clib/signal.c                         0x00000000   Number         0  defsig_segv_inner.o ABSOLUTE
    ../clib/signal.s                         0x00000000   Number         0  defsig.o ABSOLUTE
    ../clib/stdlib.c                         0x00000000   Number         0  exit.o ABSOLUTE
    ../fplib/fpinit.s                        0x00000000   Number         0  fpinit.o ABSOLUTE
    ..\CORE\core_cm3.c                       0x00000000   Number         0  core_cm3.o ABSOLUTE
    ..\CORE\startup_stm32f10x_hd.s           0x00000000   Number         0  startup_stm32f10x_hd.o ABSOLUTE
    ..\HARDWARE\OLED\oled.c                  0x00000000   Number         0  oled.o ABSOLUTE
    ..\STM32F10x_FWLib\src\misc.c            0x00000000   Number         0  misc.o ABSOLUTE
    ..\STM32F10x_FWLib\src\stm32f10x_gpio.c  0x00000000   Number         0  stm32f10x_gpio.o ABSOLUTE
    ..\STM32F10x_FWLib\src\stm32f10x_rcc.c   0x00000000   Number         0  stm32f10x_rcc.o ABSOLUTE
    ..\STM32F10x_FWLib\src\stm32f10x_usart.c 0x00000000   Number         0  stm32f10x_usart.o ABSOLUTE
    ..\SYSTEM\delay\delay.c                  0x00000000   Number         0  delay.o ABSOLUTE
    ..\SYSTEM\sys\sys.c                      0x00000000   Number         0  sys.o ABSOLUTE
    ..\SYSTEM\usart\usart.c                  0x00000000   Number         0  usart_1.o ABSOLUTE
    ..\\CORE\\core_cm3.c                     0x00000000   Number         0  core_cm3.o ABSOLUTE
    dc.s                                     0x00000000   Number         0  dc.o ABSOLUTE
    main.c                                   0x00000000   Number         0  main.o ABSOLUTE
    stm32f10x_it.c                           0x00000000   Number         0  stm32f10x_it.o ABSOLUTE
    system_stm32f10x.c                       0x00000000   Number         0  system_stm32f10x.o ABSOLUTE
    RESET                                    0x08000000   Section      304  startup_stm32f10x_hd.o(RESET)
    !!!main                                  0x08000130   Section        8  __main.o(!!!main)
    !!!scatter                               0x08000138   Section       52  __scatter.o(!!!scatter)
    !!dclz77c                                0x0800016c   Section      100  __dclz77c.o(!!dclz77c)
    !!handler_zi                             0x080001d0   Section       28  __scatter_zi.o(!!handler_zi)
    .ARM.Collect$$libinit$$00000000          0x080001ec   Section        2  libinit.o(.ARM.Collect$$libinit$$00000000)
    .ARM.Collect$$libinit$$00000002          0x080001ee   Section        0  libinit2.o(.ARM.Collect$$libinit$$00000002)
    .ARM.Collect$$libinit$$00000004          0x080001ee   Section        0  libinit2.o(.ARM.Collect$$libinit$$00000004)
    .ARM.Collect$$libinit$$0000000A          0x080001ee   Section        0  libinit2.o(.ARM.Collect$$libinit$$0000000A)
    .ARM.Collect$$libinit$$0000000C          0x080001ee   Section        0  libinit2.o(.ARM.Collect$$libinit$$0000000C)
    .ARM.Collect$$libinit$$0000000E          0x080001ee   Section        0  libinit2.o(.ARM.Collect$$libinit$$0000000E)
    .ARM.Collect$$libinit$$00000011          0x080001ee   Section        0  libinit2.o(.ARM.Collect$$libinit$$00000011)
    .ARM.Collect$$libinit$$00000013          0x080001ee   Section        0  libinit2.o(.ARM.Collect$$libinit$$00000013)
    .ARM.Collect$$libinit$$00000015          0x080001ee   Section        0  libinit2.o(.ARM.Collect$$libinit$$00000015)
    .ARM.Collect$$libinit$$00000017          0x080001ee   Section        0  libinit2.o(.ARM.Collect$$libinit$$00000017)
    .ARM.Collect$$libinit$$00000019          0x080001ee   Section        0  libinit2.o(.ARM.Collect$$libinit$$00000019)
    .ARM.Collect$$libinit$$0000001B          0x080001ee   Section        0  libinit2.o(.ARM.Collect$$libinit$$0000001B)
    .ARM.Collect$$libinit$$0000001D          0x080001ee   Section        0  libinit2.o(.ARM.Collect$$libinit$$0000001D)
    .ARM.Collect$$libinit$$0000001F          0x080001ee   Section        0  libinit2.o(.ARM.Collect$$libinit$$0000001F)
    .ARM.Collect$$libinit$$00000021          0x080001ee   Section        0  libinit2.o(.ARM.Collect$$libinit$$00000021)
    .ARM.Collect$$libinit$$00000023          0x080001ee   Section        0  libinit2.o(.ARM.Collect$$libinit$$00000023)
    .ARM.Collect$$libinit$$00000025          0x080001ee   Section        0  libinit2.o(.ARM.Collect$$libinit$$00000025)
    .ARM.Collect$$libinit$$0000002C          0x080001ee   Section        0  libinit2.o(.ARM.Collect$$libinit$$0000002C)
    .ARM.Collect$$libinit$$0000002E          0x080001ee   Section        0  libinit2.o(.ARM.Collect$$libinit$$0000002E)
    .ARM.Collect$$libinit$$00000030          0x080001ee   Section        0  libinit2.o(.ARM.Collect$$libinit$$00000030)
    .ARM.Collect$$libinit$$00000032          0x080001ee   Section        0  libinit2.o(.ARM.Collect$$libinit$$00000032)
    .ARM.Collect$$libinit$$00000033          0x080001ee   Section        2  libinit2.o(.ARM.Collect$$libinit$$00000033)
    .ARM.Collect$$libshutdown$$00000000      0x080001f0   Section        2  libshutdown.o(.ARM.Collect$$libshutdown$$00000000)
    .ARM.Collect$$libshutdown$$00000002      0x080001f2   Section        0  libshutdown2.o(.ARM.Collect$$libshutdown$$00000002)
    .ARM.Collect$$libshutdown$$00000004      0x080001f2   Section        0  libshutdown2.o(.ARM.Collect$$libshutdown$$00000004)
    .ARM.Collect$$libshutdown$$00000006      0x080001f2   Section        0  libshutdown2.o(.ARM.Collect$$libshutdown$$00000006)
    .ARM.Collect$$libshutdown$$00000009      0x080001f2   Section        0  libshutdown2.o(.ARM.Collect$$libshutdown$$00000009)
    .ARM.Collect$$libshutdown$$0000000C      0x080001f2   Section        0  libshutdown2.o(.ARM.Collect$$libshutdown$$0000000C)
    .ARM.Collect$$libshutdown$$0000000E      0x080001f2   Section        0  libshutdown2.o(.ARM.Collect$$libshutdown$$0000000E)
    .ARM.Collect$$libshutdown$$00000011      0x080001f2   Section        0  libshutdown2.o(.ARM.Collect$$libshutdown$$00000011)
    .ARM.Collect$$libshutdown$$00000012      0x080001f2   Section        2  libshutdown2.o(.ARM.Collect$$libshutdown$$00000012)
    .ARM.Collect$$rtentry$$00000000          0x080001f4   Section        0  __rtentry.o(.ARM.Collect$$rtentry$$00000000)
    .ARM.Collect$$rtentry$$00000002          0x080001f4   Section        0  __rtentry2.o(.ARM.Collect$$rtentry$$00000002)
    .ARM.Collect$$rtentry$$00000004          0x080001f4   Section        6  __rtentry4.o(.ARM.Collect$$rtentry$$00000004)
    .ARM.Collect$$rtentry$$00000009          0x080001fa   Section        0  __rtentry2.o(.ARM.Collect$$rtentry$$00000009)
    .ARM.Collect$$rtentry$$0000000A          0x080001fa   Section        4  __rtentry2.o(.ARM.Collect$$rtentry$$0000000A)
    .ARM.Collect$$rtentry$$0000000C          0x080001fe   Section        0  __rtentry2.o(.ARM.Collect$$rtentry$$0000000C)
    .ARM.Collect$$rtentry$$0000000D          0x080001fe   Section        8  __rtentry2.o(.ARM.Collect$$rtentry$$0000000D)
    .ARM.Collect$$rtexit$$00000000           0x08000206   Section        2  rtexit.o(.ARM.Collect$$rtexit$$00000000)
    .ARM.Collect$$rtexit$$00000002           0x08000208   Section        0  rtexit2.o(.ARM.Collect$$rtexit$$00000002)
    .ARM.Collect$$rtexit$$00000003           0x08000208   Section        4  rtexit2.o(.ARM.Collect$$rtexit$$00000003)
    .ARM.Collect$$rtexit$$00000004           0x0800020c   Section        6  rtexit2.o(.ARM.Collect$$rtexit$$00000004)
    .text                                    0x08000214   Section        0  main.o(.text)
    .text                                    0x080004e8   Section        0  stm32f10x_it.o(.text)
    .text                                    0x08000504   Section        0  system_stm32f10x.o(.text)
    SetSysClockTo72                          0x08000505   Thumb Code   214  system_stm32f10x.o(.text)
    SetSysClock                              0x080005db   Thumb Code     8  system_stm32f10x.o(.text)
    .text                                    0x080006e4   Section        0  oled.o(.text)
    .text                                    0x08000d34   Section        0  usart_1.o(.text)
    .text                                    0x08000f94   Section        0  delay.o(.text)
    .text                                    0x08001068   Section        0  sys.o(.text)
    .text                                    0x08001074   Section       64  startup_stm32f10x_hd.o(.text)
    .text                                    0x080010b4   Section        0  misc.o(.text)
    .text                                    0x08001190   Section        0  stm32f10x_gpio.o(.text)
    .text                                    0x080014ec   Section        0  stm32f10x_rcc.o(.text)
    .text                                    0x08001890   Section        0  stm32f10x_usart.o(.text)
    .text                                    0x08001c98   Section        2  use_no_semi_2.o(.text)
    .text                                    0x08001c9a   Section       68  rt_memclr.o(.text)
    .text                                    0x08001cde   Section        0  heapauxi.o(.text)
    .text                                    0x08001ce4   Section        2  use_no_semi.o(.text)
    .text                                    0x08001ce6   Section       78  rt_memclr_w.o(.text)
    .text                                    0x08001d34   Section       74  sys_stackheap_outer.o(.text)
    .text                                    0x08001d7e   Section        0  exit.o(.text)
    .text                                    0x08001d90   Section        8  libspace.o(.text)
    .constdata                               0x08001d98   Section     2072  oled.o(.constdata)
    .data                                    0x20000000   Section     1062  main.o(.data)
    .data                                    0x20000428   Section       20  system_stm32f10x.o(.data)
    .data                                    0x2000043c   Section      960  oled.o(.data)
    .data                                    0x200007fc   Section        7  usart_1.o(.data)
    .data                                    0x20000804   Section        4  delay.o(.data)
    fac_us                                   0x20000804   Data           1  delay.o(.data)
    fac_ms                                   0x20000806   Data           2  delay.o(.data)
    .data                                    0x20000808   Section       20  stm32f10x_rcc.o(.data)
    APBAHBPrescTable                         0x20000808   Data          16  stm32f10x_rcc.o(.data)
    ADCPrescTable                            0x20000818   Data           4  stm32f10x_rcc.o(.data)
    .bss                                     0x2000081c   Section     1700  usart_1.o(.bss)
    .bss                                     0x20000ec0   Section       96  libspace.o(.bss)
    HEAP                                     0x20000f20   Section      512  startup_stm32f10x_hd.o(HEAP)
    Heap_Mem                                 0x20000f20   Data         512  startup_stm32f10x_hd.o(HEAP)
    STACK                                    0x20001120   Section     1024  startup_stm32f10x_hd.o(STACK)
    Stack_Mem                                0x20001120   Data        1024  startup_stm32f10x_hd.o(STACK)
    __initial_sp                             0x20001520   Data           0  startup_stm32f10x_hd.o(STACK)

    Global Symbols

    Symbol Name                              Value     Ov Type        Size  Object(Section)

    BuildAttributes$$THM_ISAv4$P$D$K$B$S$PE$A:L22UL41UL21$X:L11$S22US41US21$IEEE1$IW$USESV6$~STKCKD$USESV7$~SHL$OSPACE$ROPI$EBA8$UX$STANDARDLIB$REQ8$PRES8$EABIv2 0x00000000   Number         0  anon$$obj.o ABSOLUTE
    __ARM_use_no_argv                        0x00000000   Number         0  main.o ABSOLUTE
    __ARM_exceptions_init                     - Undefined Weak Reference
    __alloca_initialize                       - Undefined Weak Reference
    __arm_fini_                               - Undefined Weak Reference
    __arm_preinit_                            - Undefined Weak Reference
    __cpp_initialize__aeabi_                  - Undefined Weak Reference
    __cxa_finalize                            - Undefined Weak Reference
    __rt_locale                               - Undefined Weak Reference
    __sigvec_lookup                           - Undefined Weak Reference
    _atexit_init                              - Undefined Weak Reference
    _call_atexit_fns                          - Undefined Weak Reference
    _clock_init                               - Undefined Weak Reference
    _fp_trap_init                             - Undefined Weak Reference
    _fp_trap_shutdown                         - Undefined Weak Reference
    _get_lc_collate                           - Undefined Weak Reference
    _get_lc_ctype                             - Undefined Weak Reference
    _get_lc_monetary                          - Undefined Weak Reference
    _get_lc_numeric                           - Undefined Weak Reference
    _get_lc_time                              - Undefined Weak Reference
    _getenv_init                              - Undefined Weak Reference
    _handle_redirection                       - Undefined Weak Reference
    _init_alloc                               - Undefined Weak Reference
    _init_user_alloc                          - Undefined Weak Reference
    _initio                                   - Undefined Weak Reference
    _rand_init                                - Undefined Weak Reference
    _signal_finish                            - Undefined Weak Reference
    _signal_init                              - Undefined Weak Reference
    _terminate_alloc                          - Undefined Weak Reference
    _terminate_user_alloc                     - Undefined Weak Reference
    _terminateio                              - Undefined Weak Reference
    __Vectors_Size                           0x00000130   Number         0  startup_stm32f10x_hd.o ABSOLUTE
    __Vectors                                0x08000000   Data           4  startup_stm32f10x_hd.o(RESET)
    __Vectors_End                            0x08000130   Data           0  startup_stm32f10x_hd.o(RESET)
    __main                                   0x08000131   Thumb Code     8  __main.o(!!!main)
    __scatterload                            0x08000139   Thumb Code     0  __scatter.o(!!!scatter)
    __scatterload_rt2                        0x08000139   Thumb Code    44  __scatter.o(!!!scatter)
    __scatterload_rt2_thumb_only             0x08000139   Thumb Code     0  __scatter.o(!!!scatter)
    __scatterload_null                       0x08000147   Thumb Code     0  __scatter.o(!!!scatter)
    __decompress                             0x0800016d   Thumb Code   100  __dclz77c.o(!!dclz77c)
    __decompress2                            0x0800016d   Thumb Code     0  __dclz77c.o(!!dclz77c)
    __scatterload_zeroinit                   0x080001d1   Thumb Code    28  __scatter_zi.o(!!handler_zi)
    __rt_lib_init                            0x080001ed   Thumb Code     0  libinit.o(.ARM.Collect$$libinit$$00000000)
    __rt_lib_init_alloca_1                   0x080001ef   Thumb Code     0  libinit2.o(.ARM.Collect$$libinit$$0000002E)
    __rt_lib_init_argv_1                     0x080001ef   Thumb Code     0  libinit2.o(.ARM.Collect$$libinit$$0000002C)
    __rt_lib_init_atexit_1                   0x080001ef   Thumb Code     0  libinit2.o(.ARM.Collect$$libinit$$0000001B)
    __rt_lib_init_clock_1                    0x080001ef   Thumb Code     0  libinit2.o(.ARM.Collect$$libinit$$00000021)
    __rt_lib_init_cpp_1                      0x080001ef   Thumb Code     0  libinit2.o(.ARM.Collect$$libinit$$00000032)
    __rt_lib_init_exceptions_1               0x080001ef   Thumb Code     0  libinit2.o(.ARM.Collect$$libinit$$00000030)
    __rt_lib_init_fp_1                       0x080001ef   Thumb Code     0  libinit2.o(.ARM.Collect$$libinit$$00000002)
    __rt_lib_init_fp_trap_1                  0x080001ef   Thumb Code     0  libinit2.o(.ARM.Collect$$libinit$$0000001F)
    __rt_lib_init_getenv_1                   0x080001ef   Thumb Code     0  libinit2.o(.ARM.Collect$$libinit$$00000023)
    __rt_lib_init_heap_1                     0x080001ef   Thumb Code     0  libinit2.o(.ARM.Collect$$libinit$$0000000A)
    __rt_lib_init_lc_collate_1               0x080001ef   Thumb Code     0  libinit2.o(.ARM.Collect$$libinit$$00000011)
    __rt_lib_init_lc_ctype_1                 0x080001ef   Thumb Code     0  libinit2.o(.ARM.Collect$$libinit$$00000013)
    __rt_lib_init_lc_monetary_1              0x080001ef   Thumb Code     0  libinit2.o(.ARM.Collect$$libinit$$00000015)
    __rt_lib_init_lc_numeric_1               0x080001ef   Thumb Code     0  libinit2.o(.ARM.Collect$$libinit$$00000017)
    __rt_lib_init_lc_time_1                  0x080001ef   Thumb Code     0  libinit2.o(.ARM.Collect$$libinit$$00000019)
    __rt_lib_init_preinit_1                  0x080001ef   Thumb Code     0  libinit2.o(.ARM.Collect$$libinit$$00000004)
    __rt_lib_init_rand_1                     0x080001ef   Thumb Code     0  libinit2.o(.ARM.Collect$$libinit$$0000000E)
    __rt_lib_init_return                     0x080001ef   Thumb Code     0  libinit2.o(.ARM.Collect$$libinit$$00000033)
    __rt_lib_init_signal_1                   0x080001ef   Thumb Code     0  libinit2.o(.ARM.Collect$$libinit$$0000001D)
    __rt_lib_init_stdio_1                    0x080001ef   Thumb Code     0  libinit2.o(.ARM.Collect$$libinit$$00000025)
    __rt_lib_init_user_alloc_1               0x080001ef   Thumb Code     0  libinit2.o(.ARM.Collect$$libinit$$0000000C)
    __rt_lib_shutdown                        0x080001f1   Thumb Code     0  libshutdown.o(.ARM.Collect$$libshutdown$$00000000)
    __rt_lib_shutdown_cpp_1                  0x080001f3   Thumb Code     0  libshutdown2.o(.ARM.Collect$$libshutdown$$00000004)
    __rt_lib_shutdown_fini_1                 0x080001f3   Thumb Code     0  libshutdown2.o(.ARM.Collect$$libshutdown$$00000002)
    __rt_lib_shutdown_fp_trap_1              0x080001f3   Thumb Code     0  libshutdown2.o(.ARM.Collect$$libshutdown$$00000009)
    __rt_lib_shutdown_heap_1                 0x080001f3   Thumb Code     0  libshutdown2.o(.ARM.Collect$$libshutdown$$00000011)
    __rt_lib_shutdown_return                 0x080001f3   Thumb Code     0  libshutdown2.o(.ARM.Collect$$libshutdown$$00000012)
    __rt_lib_shutdown_signal_1               0x080001f3   Thumb Code     0  libshutdown2.o(.ARM.Collect$$libshutdown$$0000000C)
    __rt_lib_shutdown_stdio_1                0x080001f3   Thumb Code     0  libshutdown2.o(.ARM.Collect$$libshutdown$$00000006)
    __rt_lib_shutdown_user_alloc_1           0x080001f3   Thumb Code     0  libshutdown2.o(.ARM.Collect$$libshutdown$$0000000E)
    __rt_entry                               0x080001f5   Thumb Code     0  __rtentry.o(.ARM.Collect$$rtentry$$00000000)
    __rt_entry_presh_1                       0x080001f5   Thumb Code     0  __rtentry2.o(.ARM.Collect$$rtentry$$00000002)
    __rt_entry_sh                            0x080001f5   Thumb Code     0  __rtentry4.o(.ARM.Collect$$rtentry$$00000004)
    __rt_entry_li                            0x080001fb   Thumb Code     0  __rtentry2.o(.ARM.Collect$$rtentry$$0000000A)
    __rt_entry_postsh_1                      0x080001fb   Thumb Code     0  __rtentry2.o(.ARM.Collect$$rtentry$$00000009)
    __rt_entry_main                          0x080001ff   Thumb Code     0  __rtentry2.o(.ARM.Collect$$rtentry$$0000000D)
    __rt_entry_postli_1                      0x080001ff   Thumb Code     0  __rtentry2.o(.ARM.Collect$$rtentry$$0000000C)
    __rt_exit                                0x08000207   Thumb Code     0  rtexit.o(.ARM.Collect$$rtexit$$00000000)
    __rt_exit_ls                             0x08000209   Thumb Code     0  rtexit2.o(.ARM.Collect$$rtexit$$00000003)
    __rt_exit_prels_1                        0x08000209   Thumb Code     0  rtexit2.o(.ARM.Collect$$rtexit$$00000002)
    __rt_exit_exit                           0x0800020d   Thumb Code     0  rtexit2.o(.ARM.Collect$$rtexit$$00000004)
    main                                     0x08000215   Thumb Code   668  main.o(.text)
    NMI_Handler                              0x080004e9   Thumb Code     2  stm32f10x_it.o(.text)
    HardFault_Handler                        0x080004eb   Thumb Code     4  stm32f10x_it.o(.text)
    MemManage_Handler                        0x080004ef   Thumb Code     4  stm32f10x_it.o(.text)
    BusFault_Handler                         0x080004f3   Thumb Code     4  stm32f10x_it.o(.text)
    UsageFault_Handler                       0x080004f7   Thumb Code     4  stm32f10x_it.o(.text)
    SVC_Handler                              0x080004fb   Thumb Code     2  stm32f10x_it.o(.text)
    DebugMon_Handler                         0x080004fd   Thumb Code     2  stm32f10x_it.o(.text)
    PendSV_Handler                           0x080004ff   Thumb Code     2  stm32f10x_it.o(.text)
    SysTick_Handler                          0x08000501   Thumb Code     2  stm32f10x_it.o(.text)
    SystemInit                               0x080005e3   Thumb Code    78  system_stm32f10x.o(.text)
    SystemCoreClockUpdate                    0x08000631   Thumb Code   142  system_stm32f10x.o(.text)
    IIC_Start                                0x080006e5   Thumb Code    44  oled.o(.text)
    IIC_Stop                                 0x08000711   Thumb Code    34  oled.o(.text)
    IIC_Wait_Ack                             0x08000733   Thumb Code    24  oled.o(.text)
    Write_IIC_Byte                           0x0800074b   Thumb Code    88  oled.o(.text)
    Write_IIC_Command                        0x080007a3   Thumb Code    44  oled.o(.text)
    Write_IIC_Data                           0x080007cf   Thumb Code    44  oled.o(.text)
    OLED_WR_Byte                             0x080007fb   Thumb Code    24  oled.o(.text)
    fill_picture                             0x08000813   Thumb Code    64  oled.o(.text)
    Delay_50ms                               0x08000853   Thumb Code    22  oled.o(.text)
    Delay_1ms                                0x08000869   Thumb Code    26  oled.o(.text)
    OLED_Set_Pos                             0x08000883   Thumb Code    40  oled.o(.text)
    OLED_Display_On                          0x080008ab   Thumb Code    28  oled.o(.text)
    OLED_Display_Off                         0x080008c7   Thumb Code    28  oled.o(.text)
    OLED_Clear                               0x080008e3   Thumb Code    62  oled.o(.text)
    OLED_On                                  0x08000921   Thumb Code    62  oled.o(.text)
    OLED_ShowChar                            0x0800095f   Thumb Code   154  oled.o(.text)
    oled_pow                                 0x080009f9   Thumb Code    22  oled.o(.text)
    OLED_ShowNum                             0x08000a0f   Thumb Code   136  oled.o(.text)
    OLED_ShowString                          0x08000a97   Thumb Code    70  oled.o(.text)
    OLED_ShowCHinese                         0x08000add   Thumb Code    98  oled.o(.text)
    OLED_DrawBMP                             0x08000b3f   Thumb Code   118  oled.o(.text)
    KEY_Init                                 0x08000bb5   Thumb Code    54  oled.o(.text)
    OLED_Init                                0x08000beb   Thumb Code   314  oled.o(.text)
    _sys_exit                                0x08000d35   Thumb Code     6  usart_1.o(.text)
    fputc                                    0x08000d3b   Thumb Code    24  usart_1.o(.text)
    myuart                                   0x08000d53   Thumb Code   294  usart_1.o(.text)
    USART1_IRQHandler                        0x08000e79   Thumb Code   122  usart_1.o(.text)
    Uart1SendStr                             0x08000ef3   Thumb Code    38  usart_1.o(.text)
    Uart2SendStr                             0x08000f19   Thumb Code    38  usart_1.o(.text)
    USART2_IRQHandler                        0x08000f3f   Thumb Code    58  usart_1.o(.text)
    delay_init                               0x08000f95   Thumb Code    50  delay.o(.text)
    delay_us                                 0x08000fc7   Thumb Code    72  delay.o(.text)
    delay_ms                                 0x0800100f   Thumb Code    72  delay.o(.text)
    NVIC_Configuration                       0x08001069   Thumb Code    12  sys.o(.text)
    Reset_Handler                            0x08001075   Thumb Code     8  startup_stm32f10x_hd.o(.text)
    ADC1_2_IRQHandler                        0x0800108f   Thumb Code     0  startup_stm32f10x_hd.o(.text)
    ADC3_IRQHandler                          0x0800108f   Thumb Code     0  startup_stm32f10x_hd.o(.text)
    CAN1_RX1_IRQHandler                      0x0800108f   Thumb Code     0  startup_stm32f10x_hd.o(.text)
    CAN1_SCE_IRQHandler                      0x0800108f   Thumb Code     0  startup_stm32f10x_hd.o(.text)
    DMA1_Channel1_IRQHandler                 0x0800108f   Thumb Code     0  startup_stm32f10x_hd.o(.text)
    DMA1_Channel2_IRQHandler                 0x0800108f   Thumb Code     0  startup_stm32f10x_hd.o(.text)
    DMA1_Channel3_IRQHandler                 0x0800108f   Thumb Code     0  startup_stm32f10x_hd.o(.text)
    DMA1_Channel4_IRQHandler                 0x0800108f   Thumb Code     0  startup_stm32f10x_hd.o(.text)
    DMA1_Channel5_IRQHandler                 0x0800108f   Thumb Code     0  startup_stm32f10x_hd.o(.text)
    DMA1_Channel6_IRQHandler                 0x0800108f   Thumb Code     0  startup_stm32f10x_hd.o(.text)
    DMA1_Channel7_IRQHandler                 0x0800108f   Thumb Code     0  startup_stm32f10x_hd.o(.text)
    DMA2_Channel1_IRQHandler                 0x0800108f   Thumb Code     0  startup_stm32f10x_hd.o(.text)
    DMA2_Channel2_IRQHandler                 0x0800108f   Thumb Code     0  startup_stm32f10x_hd.o(.text)
    DMA2_Channel3_IRQHandler                 0x0800108f   Thumb Code     0  startup_stm32f10x_hd.o(.text)
    DMA2_Channel4_5_IRQHandler               0x0800108f   Thumb Code     0  startup_stm32f10x_hd.o(.text)
    EXTI0_IRQHandler                         0x0800108f   Thumb Code     0  startup_stm32f10x_hd.o(.text)
    EXTI15_10_IRQHandler                     0x0800108f   Thumb Code     0  startup_stm32f10x_hd.o(.text)
    EXTI1_IRQHandler                         0x0800108f   Thumb Code     0  startup_stm32f10x_hd.o(.text)
    EXTI2_IRQHandler                         0x0800108f   Thumb Code     0  startup_stm32f10x_hd.o(.text)
    EXTI3_IRQHandler                         0x0800108f   Thumb Code     0  startup_stm32f10x_hd.o(.text)
    EXTI4_IRQHandler                         0x0800108f   Thumb Code     0  startup_stm32f10x_hd.o(.text)
    EXTI9_5_IRQHandler                       0x0800108f   Thumb Code     0  startup_stm32f10x_hd.o(.text)
    FLASH_IRQHandler                         0x0800108f   Thumb Code     0  startup_stm32f10x_hd.o(.text)
    FSMC_IRQHandler                          0x0800108f   Thumb Code     0  startup_stm32f10x_hd.o(.text)
    I2C1_ER_IRQHandler                       0x0800108f   Thumb Code     0  startup_stm32f10x_hd.o(.text)
    I2C1_EV_IRQHandler                       0x0800108f   Thumb Code     0  startup_stm32f10x_hd.o(.text)
    I2C2_ER_IRQHandler                       0x0800108f   Thumb Code     0  startup_stm32f10x_hd.o(.text)
    I2C2_EV_IRQHandler                       0x0800108f   Thumb Code     0  startup_stm32f10x_hd.o(.text)
    PVD_IRQHandler                           0x0800108f   Thumb Code     0  startup_stm32f10x_hd.o(.text)
    RCC_IRQHandler                           0x0800108f   Thumb Code     0  startup_stm32f10x_hd.o(.text)
    RTCAlarm_IRQHandler                      0x0800108f   Thumb Code     0  startup_stm32f10x_hd.o(.text)
    RTC_IRQHandler                           0x0800108f   Thumb Code     0  startup_stm32f10x_hd.o(.text)
    SDIO_IRQHandler                          0x0800108f   Thumb Code     0  startup_stm32f10x_hd.o(.text)
    SPI1_IRQHandler                          0x0800108f   Thumb Code     0  startup_stm32f10x_hd.o(.text)
    SPI2_IRQHandler                          0x0800108f   Thumb Code     0  startup_stm32f10x_hd.o(.text)
    SPI3_IRQHandler                          0x0800108f   Thumb Code     0  startup_stm32f10x_hd.o(.text)
    TAMPER_IRQHandler                        0x0800108f   Thumb Code     0  startup_stm32f10x_hd.o(.text)
    TIM1_BRK_IRQHandler                      0x0800108f   Thumb Code     0  startup_stm32f10x_hd.o(.text)
    TIM1_CC_IRQHandler                       0x0800108f   Thumb Code     0  startup_stm32f10x_hd.o(.text)
    TIM1_TRG_COM_IRQHandler                  0x0800108f   Thumb Code     0  startup_stm32f10x_hd.o(.text)
    TIM1_UP_IRQHandler                       0x0800108f   Thumb Code     0  startup_stm32f10x_hd.o(.text)
    TIM2_IRQHandler                          0x0800108f   Thumb Code     0  startup_stm32f10x_hd.o(.text)
    TIM3_IRQHandler                          0x0800108f   Thumb Code     0  startup_stm32f10x_hd.o(.text)
    TIM4_IRQHandler                          0x0800108f   Thumb Code     0  startup_stm32f10x_hd.o(.text)
    TIM5_IRQHandler                          0x0800108f   Thumb Code     0  startup_stm32f10x_hd.o(.text)
    TIM6_IRQHandler                          0x0800108f   Thumb Code     0  startup_stm32f10x_hd.o(.text)
    TIM7_IRQHandler                          0x0800108f   Thumb Code     0  startup_stm32f10x_hd.o(.text)
    TIM8_BRK_IRQHandler                      0x0800108f   Thumb Code     0  startup_stm32f10x_hd.o(.text)
    TIM8_CC_IRQHandler                       0x0800108f   Thumb Code     0  startup_stm32f10x_hd.o(.text)
    TIM8_TRG_COM_IRQHandler                  0x0800108f   Thumb Code     0  startup_stm32f10x_hd.o(.text)
    TIM8_UP_IRQHandler                       0x0800108f   Thumb Code     0  startup_stm32f10x_hd.o(.text)
    UART4_IRQHandler                         0x0800108f   Thumb Code     0  startup_stm32f10x_hd.o(.text)
    UART5_IRQHandler                         0x0800108f   Thumb Code     0  startup_stm32f10x_hd.o(.text)
    USART3_IRQHandler                        0x0800108f   Thumb Code     0  startup_stm32f10x_hd.o(.text)
    USBWakeUp_IRQHandler                     0x0800108f   Thumb Code     0  startup_stm32f10x_hd.o(.text)
    USB_HP_CAN1_TX_IRQHandler                0x0800108f   Thumb Code     0  startup_stm32f10x_hd.o(.text)
    USB_LP_CAN1_RX0_IRQHandler               0x0800108f   Thumb Code     0  startup_stm32f10x_hd.o(.text)
    WWDG_IRQHandler                          0x0800108f   Thumb Code     0  startup_stm32f10x_hd.o(.text)
    __user_initial_stackheap                 0x08001091   Thumb Code     0  startup_stm32f10x_hd.o(.text)
    NVIC_PriorityGroupConfig                 0x080010b5   Thumb Code    10  misc.o(.text)
    NVIC_Init                                0x080010bf   Thumb Code   100  misc.o(.text)
    NVIC_SetVectorTable                      0x08001123   Thumb Code    14  misc.o(.text)
    NVIC_SystemLPConfig                      0x08001131   Thumb Code    34  misc.o(.text)
    SysTick_CLKSourceConfig                  0x08001153   Thumb Code    40  misc.o(.text)
    GPIO_DeInit                              0x08001191   Thumb Code   172  stm32f10x_gpio.o(.text)
    GPIO_AFIODeInit                          0x0800123d   Thumb Code    20  stm32f10x_gpio.o(.text)
    GPIO_Init                                0x08001251   Thumb Code   278  stm32f10x_gpio.o(.text)
    GPIO_StructInit                          0x08001367   Thumb Code    16  stm32f10x_gpio.o(.text)
    GPIO_ReadInputDataBit                    0x08001377   Thumb Code    18  stm32f10x_gpio.o(.text)
    GPIO_ReadInputData                       0x08001389   Thumb Code     8  stm32f10x_gpio.o(.text)
    GPIO_ReadOutputDataBit                   0x08001391   Thumb Code    18  stm32f10x_gpio.o(.text)
    GPIO_ReadOutputData                      0x080013a3   Thumb Code     8  stm32f10x_gpio.o(.text)
    GPIO_SetBits                             0x080013ab   Thumb Code     4  stm32f10x_gpio.o(.text)
    GPIO_ResetBits                           0x080013af   Thumb Code     4  stm32f10x_gpio.o(.text)
    GPIO_WriteBit                            0x080013b3   Thumb Code    10  stm32f10x_gpio.o(.text)
    GPIO_Write                               0x080013bd   Thumb Code     4  stm32f10x_gpio.o(.text)
    GPIO_PinLockConfig                       0x080013c1   Thumb Code    18  stm32f10x_gpio.o(.text)
    GPIO_EventOutputConfig                   0x080013d3   Thumb Code    26  stm32f10x_gpio.o(.text)
    GPIO_EventOutputCmd                      0x080013ed   Thumb Code     6  stm32f10x_gpio.o(.text)
    GPIO_PinRemapConfig                      0x080013f3   Thumb Code   138  stm32f10x_gpio.o(.text)
    GPIO_EXTILineConfig                      0x0800147d   Thumb Code    66  stm32f10x_gpio.o(.text)
    GPIO_ETH_MediaInterfaceConfig            0x080014bf   Thumb Code     8  stm32f10x_gpio.o(.text)
    RCC_DeInit                               0x080014ed   Thumb Code    64  stm32f10x_rcc.o(.text)
    RCC_HSEConfig                            0x0800152d   Thumb Code    70  stm32f10x_rcc.o(.text)
    RCC_GetFlagStatus                        0x08001573   Thumb Code    56  stm32f10x_rcc.o(.text)
    RCC_WaitForHSEStartUp                    0x080015ab   Thumb Code    56  stm32f10x_rcc.o(.text)
    RCC_AdjustHSICalibrationValue            0x080015e3   Thumb Code    20  stm32f10x_rcc.o(.text)
    RCC_HSICmd                               0x080015f7   Thumb Code     6  stm32f10x_rcc.o(.text)
    RCC_PLLConfig                            0x080015fd   Thumb Code    24  stm32f10x_rcc.o(.text)
    RCC_PLLCmd                               0x08001615   Thumb Code     6  stm32f10x_rcc.o(.text)
    RCC_SYSCLKConfig                         0x0800161b   Thumb Code    18  stm32f10x_rcc.o(.text)
    RCC_GetSYSCLKSource                      0x0800162d   Thumb Code    10  stm32f10x_rcc.o(.text)
    RCC_HCLKConfig                           0x08001637   Thumb Code    18  stm32f10x_rcc.o(.text)
    RCC_PCLK1Config                          0x08001649   Thumb Code    18  stm32f10x_rcc.o(.text)
    RCC_PCLK2Config                          0x0800165b   Thumb Code    20  stm32f10x_rcc.o(.text)
    RCC_ITConfig                             0x0800166f   Thumb Code    26  stm32f10x_rcc.o(.text)
    RCC_USBCLKConfig                         0x08001689   Thumb Code     8  stm32f10x_rcc.o(.text)
    RCC_ADCCLKConfig                         0x08001691   Thumb Code    18  stm32f10x_rcc.o(.text)
    RCC_LSEConfig                            0x080016a3   Thumb Code    50  stm32f10x_rcc.o(.text)
    RCC_LSICmd                               0x080016d5   Thumb Code     6  stm32f10x_rcc.o(.text)
    RCC_RTCCLKConfig                         0x080016db   Thumb Code    12  stm32f10x_rcc.o(.text)
    RCC_RTCCLKCmd                            0x080016e7   Thumb Code     8  stm32f10x_rcc.o(.text)
    RCC_GetClocksFreq                        0x080016ef   Thumb Code   192  stm32f10x_rcc.o(.text)
    RCC_AHBPeriphClockCmd                    0x080017af   Thumb Code    26  stm32f10x_rcc.o(.text)
    RCC_APB2PeriphClockCmd                   0x080017c9   Thumb Code    26  stm32f10x_rcc.o(.text)
    RCC_APB1PeriphClockCmd                   0x080017e3   Thumb Code    26  stm32f10x_rcc.o(.text)
    RCC_APB2PeriphResetCmd                   0x080017fd   Thumb Code    26  stm32f10x_rcc.o(.text)
    RCC_APB1PeriphResetCmd                   0x08001817   Thumb Code    26  stm32f10x_rcc.o(.text)
    RCC_BackupResetCmd                       0x08001831   Thumb Code     8  stm32f10x_rcc.o(.text)
    RCC_ClockSecuritySystemCmd               0x08001839   Thumb Code     6  stm32f10x_rcc.o(.text)
    RCC_MCOConfig                            0x0800183f   Thumb Code     6  stm32f10x_rcc.o(.text)
    RCC_ClearFlag                            0x08001845   Thumb Code    14  stm32f10x_rcc.o(.text)
    RCC_GetITStatus                          0x08001853   Thumb Code    20  stm32f10x_rcc.o(.text)
    RCC_ClearITPendingBit                    0x08001867   Thumb Code     6  stm32f10x_rcc.o(.text)
    USART_DeInit                             0x08001891   Thumb Code   134  stm32f10x_usart.o(.text)
    USART_Init                               0x08001917   Thumb Code   210  stm32f10x_usart.o(.text)
    USART_StructInit                         0x080019e9   Thumb Code    24  stm32f10x_usart.o(.text)
    USART_ClockInit                          0x08001a01   Thumb Code    34  stm32f10x_usart.o(.text)
    USART_ClockStructInit                    0x08001a23   Thumb Code    12  stm32f10x_usart.o(.text)
    USART_Cmd                                0x08001a2f   Thumb Code    24  stm32f10x_usart.o(.text)
    USART_ITConfig                           0x08001a47   Thumb Code    74  stm32f10x_usart.o(.text)
    USART_DMACmd                             0x08001a91   Thumb Code    18  stm32f10x_usart.o(.text)
    USART_SetAddress                         0x08001aa3   Thumb Code    18  stm32f10x_usart.o(.text)
    USART_WakeUpConfig                       0x08001ab5   Thumb Code    18  stm32f10x_usart.o(.text)
    USART_ReceiverWakeUpCmd                  0x08001ac7   Thumb Code    24  stm32f10x_usart.o(.text)
    USART_LINBreakDetectLengthConfig         0x08001adf   Thumb Code    18  stm32f10x_usart.o(.text)
    USART_LINCmd                             0x08001af1   Thumb Code    24  stm32f10x_usart.o(.text)
    USART_SendData                           0x08001b09   Thumb Code     8  stm32f10x_usart.o(.text)
    USART_ReceiveData                        0x08001b11   Thumb Code    10  stm32f10x_usart.o(.text)
    USART_SendBreak                          0x08001b1b   Thumb Code    10  stm32f10x_usart.o(.text)
    USART_SetGuardTime                       0x08001b25   Thumb Code    16  stm32f10x_usart.o(.text)
    USART_SetPrescaler                       0x08001b35   Thumb Code    16  stm32f10x_usart.o(.text)
    USART_SmartCardCmd                       0x08001b45   Thumb Code    24  stm32f10x_usart.o(.text)
    USART_SmartCardNACKCmd                   0x08001b5d   Thumb Code    24  stm32f10x_usart.o(.text)
    USART_HalfDuplexCmd                      0x08001b75   Thumb Code    24  stm32f10x_usart.o(.text)
    USART_OverSampling8Cmd                   0x08001b8d   Thumb Code    22  stm32f10x_usart.o(.text)
    USART_OneBitMethodCmd                    0x08001ba3   Thumb Code    24  stm32f10x_usart.o(.text)
    USART_IrDAConfig                         0x08001bbb   Thumb Code    18  stm32f10x_usart.o(.text)
    USART_IrDACmd                            0x08001bcd   Thumb Code    24  stm32f10x_usart.o(.text)
    USART_GetFlagStatus                      0x08001be5   Thumb Code    26  stm32f10x_usart.o(.text)
    USART_ClearFlag                          0x08001bff   Thumb Code    18  stm32f10x_usart.o(.text)
    USART_GetITStatus                        0x08001c11   Thumb Code    84  stm32f10x_usart.o(.text)
    USART_ClearITPendingBit                  0x08001c65   Thumb Code    52  stm32f10x_usart.o(.text)
    __use_no_semihosting                     0x08001c99   Thumb Code     2  use_no_semi_2.o(.text)
    __aeabi_memclr                           0x08001c9b   Thumb Code     0  rt_memclr.o(.text)
    __rt_memclr                              0x08001c9b   Thumb Code    68  rt_memclr.o(.text)
    _memset                                  0x08001c9f   Thumb Code     0  rt_memclr.o(.text)
    __use_two_region_memory                  0x08001cdf   Thumb Code     2  heapauxi.o(.text)
    __rt_heap_escrow$2region                 0x08001ce1   Thumb Code     2  heapauxi.o(.text)
    __rt_heap_expand$2region                 0x08001ce3   Thumb Code     2  heapauxi.o(.text)
    __I$use$semihosting                      0x08001ce5   Thumb Code     0  use_no_semi.o(.text)
    __use_no_semihosting_swi                 0x08001ce5   Thumb Code     2  use_no_semi.o(.text)
    __aeabi_memclr4                          0x08001ce7   Thumb Code     0  rt_memclr_w.o(.text)
    __aeabi_memclr8                          0x08001ce7   Thumb Code     0  rt_memclr_w.o(.text)
    __rt_memclr_w                            0x08001ce7   Thumb Code    78  rt_memclr_w.o(.text)
    _memset_w                                0x08001ceb   Thumb Code     0  rt_memclr_w.o(.text)
    __user_setup_stackheap                   0x08001d35   Thumb Code    74  sys_stackheap_outer.o(.text)
    exit                                     0x08001d7f   Thumb Code    18  exit.o(.text)
    __user_libspace                          0x08001d91   Thumb Code     8  libspace.o(.text)
    __user_perproc_libspace                  0x08001d91   Thumb Code     0  libspace.o(.text)
    __user_perthread_libspace                0x08001d91   Thumb Code     0  libspace.o(.text)
    F6x8                                     0x08001d98   Data         552  oled.o(.constdata)
    F8X16                                    0x08001fc0   Data        1520  oled.o(.constdata)
    Region$$Table$$Base                      0x080025b0   Number         0  anon$$obj.o(Region$$Table)
    Region$$Table$$Limit                     0x080025d0   Number         0  anon$$obj.o(Region$$Table)
    qing                                     0x20000000   Data        1024  main.o(.data)
    iii                                      0x20000400   Data           4  main.o(.data)
    i                                        0x20000404   Data           4  main.o(.data)
    wendu                                    0x20000408   Data           5  main.o(.data)
    shishiwendu                              0x2000040d   Data           5  main.o(.data)
    shishishidu                              0x20000412   Data           5  main.o(.data)
    aa                                       0x20000417   Data           5  main.o(.data)
    month                                    0x2000041c   Data           5  main.o(.data)
    day                                      0x20000421   Data           5  main.o(.data)
    SystemCoreClock                          0x20000428   Data           4  system_stm32f10x.o(.data)
    AHBPrescTable                            0x2000042c   Data          16  system_stm32f10x.o(.data)
    Hzk                                      0x2000043c   Data         960  oled.o(.data)
    __stdout                                 0x200007fc   Data           4  usart_1.o(.data)
    USART_RX_STA                             0x20000800   Data           2  usart_1.o(.data)
    RX_num                                   0x20000802   Data           1  usart_1.o(.data)
    USART_RX_BUF                             0x2000081c   Data         200  usart_1.o(.bss)
    RX_buffer                                0x200008e4   Data        1500  usart_1.o(.bss)
    __libspace_start                         0x20000ec0   Data          96  libspace.o(.bss)
    __temporary_stack_top$libspace           0x20000f20   Data           0  libspace.o(.bss)



==============================================================================

Memory Map of the image

  Image Entry point : 0x08000131

  Load Region LR_IROM1 (Base: 0x08000000, Size: 0x00002dec, Max: 0x00010000, ABSOLUTE, COMPRESSED[0x00002848])

    Execution Region ER_IROM1 (Base: 0x08000000, Size: 0x000025d0, Max: 0x00010000, ABSOLUTE)

    Base Addr    Size         Type   Attr      Idx    E Section Name        Object

    0x08000000   0x00000130   Data   RO          208    RESET               startup_stm32f10x_hd.o
    0x08000130   0x00000008   Code   RO          271  * !!!main             c_w.l(__main.o)
    0x08000138   0x00000034   Code   RO          432    !!!scatter          c_w.l(__scatter.o)
    0x0800016c   0x00000064   Code   RO          430    !!dclz77c           c_w.l(__dclz77c.o)
    0x080001d0   0x0000001c   Code   RO          434    !!handler_zi        c_w.l(__scatter_zi.o)
    0x080001ec   0x00000002   Code   RO          302    .ARM.Collect$$libinit$$00000000  c_w.l(libinit.o)
    0x080001ee   0x00000000   Code   RO          309    .ARM.Collect$$libinit$$00000002  c_w.l(libinit2.o)
    0x080001ee   0x00000000   Code   RO          311    .ARM.Collect$$libinit$$00000004  c_w.l(libinit2.o)
    0x080001ee   0x00000000   Code   RO          314    .ARM.Collect$$libinit$$0000000A  c_w.l(libinit2.o)
    0x080001ee   0x00000000   Code   RO          316    .ARM.Collect$$libinit$$0000000C  c_w.l(libinit2.o)
    0x080001ee   0x00000000   Code   RO          318    .ARM.Collect$$libinit$$0000000E  c_w.l(libinit2.o)
    0x080001ee   0x00000000   Code   RO          321    .ARM.Collect$$libinit$$00000011  c_w.l(libinit2.o)
    0x080001ee   0x00000000   Code   RO          323    .ARM.Collect$$libinit$$00000013  c_w.l(libinit2.o)
    0x080001ee   0x00000000   Code   RO          325    .ARM.Collect$$libinit$$00000015  c_w.l(libinit2.o)
    0x080001ee   0x00000000   Code   RO          327    .ARM.Collect$$libinit$$00000017  c_w.l(libinit2.o)
    0x080001ee   0x00000000   Code   RO          329    .ARM.Collect$$libinit$$00000019  c_w.l(libinit2.o)
    0x080001ee   0x00000000   Code   RO          331    .ARM.Collect$$libinit$$0000001B  c_w.l(libinit2.o)
    0x080001ee   0x00000000   Code   RO          333    .ARM.Collect$$libinit$$0000001D  c_w.l(libinit2.o)
    0x080001ee   0x00000000   Code   RO          335    .ARM.Collect$$libinit$$0000001F  c_w.l(libinit2.o)
    0x080001ee   0x00000000   Code   RO          337    .ARM.Collect$$libinit$$00000021  c_w.l(libinit2.o)
    0x080001ee   0x00000000   Code   RO          339    .ARM.Collect$$libinit$$00000023  c_w.l(libinit2.o)
    0x080001ee   0x00000000   Code   RO          341    .ARM.Collect$$libinit$$00000025  c_w.l(libinit2.o)
    0x080001ee   0x00000000   Code   RO          345    .ARM.Collect$$libinit$$0000002C  c_w.l(libinit2.o)
    0x080001ee   0x00000000   Code   RO          347    .ARM.Collect$$libinit$$0000002E  c_w.l(libinit2.o)
    0x080001ee   0x00000000   Code   RO          349    .ARM.Collect$$libinit$$00000030  c_w.l(libinit2.o)
    0x080001ee   0x00000000   Code   RO          351    .ARM.Collect$$libinit$$00000032  c_w.l(libinit2.o)
    0x080001ee   0x00000002   Code   RO          352    .ARM.Collect$$libinit$$00000033  c_w.l(libinit2.o)
    0x080001f0   0x00000002   Code   RO          370    .ARM.Collect$$libshutdown$$00000000  c_w.l(libshutdown.o)
    0x080001f2   0x00000000   Code   RO          380    .ARM.Collect$$libshutdown$$00000002  c_w.l(libshutdown2.o)
    0x080001f2   0x00000000   Code   RO          382    .ARM.Collect$$libshutdown$$00000004  c_w.l(libshutdown2.o)
    0x080001f2   0x00000000   Code   RO          384    .ARM.Collect$$libshutdown$$00000006  c_w.l(libshutdown2.o)
    0x080001f2   0x00000000   Code   RO          387    .ARM.Collect$$libshutdown$$00000009  c_w.l(libshutdown2.o)
    0x080001f2   0x00000000   Code   RO          390    .ARM.Collect$$libshutdown$$0000000C  c_w.l(libshutdown2.o)
    0x080001f2   0x00000000   Code   RO          392    .ARM.Collect$$libshutdown$$0000000E  c_w.l(libshutdown2.o)
    0x080001f2   0x00000000   Code   RO          395    .ARM.Collect$$libshutdown$$00000011  c_w.l(libshutdown2.o)
    0x080001f2   0x00000002   Code   RO          396    .ARM.Collect$$libshutdown$$00000012  c_w.l(libshutdown2.o)
    0x080001f4   0x00000000   Code   RO          275    .ARM.Collect$$rtentry$$00000000  c_w.l(__rtentry.o)
    0x080001f4   0x00000000   Code   RO          279    .ARM.Collect$$rtentry$$00000002  c_w.l(__rtentry2.o)
    0x080001f4   0x00000006   Code   RO          291    .ARM.Collect$$rtentry$$00000004  c_w.l(__rtentry4.o)
    0x080001fa   0x00000000   Code   RO          281    .ARM.Collect$$rtentry$$00000009  c_w.l(__rtentry2.o)
    0x080001fa   0x00000004   Code   RO          282    .ARM.Collect$$rtentry$$0000000A  c_w.l(__rtentry2.o)
    0x080001fe   0x00000000   Code   RO          284    .ARM.Collect$$rtentry$$0000000C  c_w.l(__rtentry2.o)
    0x080001fe   0x00000008   Code   RO          285    .ARM.Collect$$rtentry$$0000000D  c_w.l(__rtentry2.o)
    0x08000206   0x00000002   Code   RO          306    .ARM.Collect$$rtexit$$00000000  c_w.l(rtexit.o)
    0x08000208   0x00000000   Code   RO          354    .ARM.Collect$$rtexit$$00000002  c_w.l(rtexit2.o)
    0x08000208   0x00000004   Code   RO          355    .ARM.Collect$$rtexit$$00000003  c_w.l(rtexit2.o)
    0x0800020c   0x00000006   Code   RO          356    .ARM.Collect$$rtexit$$00000004  c_w.l(rtexit2.o)
    0x08000212   0x00000002   PAD
    0x08000214   0x000002d4   Code   RO            1    .text               main.o
    0x080004e8   0x0000001a   Code   RO           77    .text               stm32f10x_it.o
    0x08000502   0x00000002   PAD
    0x08000504   0x000001e0   Code   RO          109    .text               system_stm32f10x.o
    0x080006e4   0x00000650   Code   RO          127    .text               oled.o
    0x08000d34   0x00000260   Code   RO          146    .text               usart_1.o
    0x08000f94   0x000000d4   Code   RO          169    .text               delay.o
    0x08001068   0x0000000c   Code   RO          183    .text               sys.o
    0x08001074   0x00000040   Code   RO          209    .text               startup_stm32f10x_hd.o
    0x080010b4   0x000000dc   Code   RO          213    .text               misc.o
    0x08001190   0x0000035c   Code   RO          225    .text               stm32f10x_gpio.o
    0x080014ec   0x000003a4   Code   RO          237    .text               stm32f10x_rcc.o
    0x08001890   0x00000408   Code   RO          251    .text               stm32f10x_usart.o
    0x08001c98   0x00000002   Code   RO          265    .text               c_w.l(use_no_semi_2.o)
    0x08001c9a   0x00000044   Code   RO          267    .text               c_w.l(rt_memclr.o)
    0x08001cde   0x00000006   Code   RO          269    .text               c_w.l(heapauxi.o)
    0x08001ce4   0x00000002   Code   RO          273    .text               c_w.l(use_no_semi.o)
    0x08001ce6   0x0000004e   Code   RO          276    .text               c_w.l(rt_memclr_w.o)
    0x08001d34   0x0000004a   Code   RO          293    .text               c_w.l(sys_stackheap_outer.o)
    0x08001d7e   0x00000012   Code   RO          295    .text               c_w.l(exit.o)
    0x08001d90   0x00000008   Code   RO          303    .text               c_w.l(libspace.o)
    0x08001d98   0x00000818   Data   RO          128    .constdata          oled.o
    0x080025b0   0x00000020   Data   RO          428    Region$$Table       anon$$obj.o


    Execution Region RW_IRAM1 (Base: 0x20000000, Size: 0x00001520, Max: 0x00005000, ABSOLUTE, COMPRESSED[0x00000278])

    Base Addr    Size         Type   Attr      Idx    E Section Name        Object

    0x20000000   0x00000426   Data   RW            2    .data               main.o
    0x20000426   0x00000002   PAD
    0x20000428   0x00000014   Data   RW          110    .data               system_stm32f10x.o
    0x2000043c   0x000003c0   Data   RW          129    .data               oled.o
    0x200007fc   0x00000007   Data   RW          148    .data               usart_1.o
    0x20000803   0x00000001   PAD
    0x20000804   0x00000004   Data   RW          170    .data               delay.o
    0x20000808   0x00000014   Data   RW          238    .data               stm32f10x_rcc.o
    0x2000081c   0x000006a4   Zero   RW          147    .bss                usart_1.o
    0x20000ec0   0x00000060   Zero   RW          304    .bss                c_w.l(libspace.o)
    0x20000f20   0x00000200   Zero   RW          207    HEAP                startup_stm32f10x_hd.o
    0x20001120   0x00000400   Zero   RW          206    STACK               startup_stm32f10x_hd.o


==============================================================================

Image component sizes


      Code (inc. data)   RO Data    RW Data    ZI Data      Debug   Object Name

         0          0          0          0          0         32   core_cm3.o
       212         18          0          4          0       1035   delay.o
       724         56          0       1062          0     233038   main.o
       220         22          0          0          0       1797   misc.o
      1616         28       2072        960          0       6964   oled.o
        64         26        304          0       1536        792   startup_stm32f10x_hd.o
       860         38          0          0          0       5729   stm32f10x_gpio.o
        26          0          0          0          0       1178   stm32f10x_it.o
       932         36          0         20          0       8908   stm32f10x_rcc.o
      1032         22          0          0          0       8456   stm32f10x_usart.o
        12          0          0          0          0        449   sys.o
       480         38          0         20          0       1731   system_stm32f10x.o
       608         28          0          7       1700       3860   usart_1.o

    ----------------------------------------------------------------------
      6788        312       2408       2076       3236     273969   Object Totals
         0          0         32          0          0          0   (incl. Generated)
         2          0          0          3          0          0   (incl. Padding)

    ----------------------------------------------------------------------

      Code (inc. data)   RO Data    RW Data    ZI Data      Debug   Library Member Name

       100          0          0          0          0          0   __dclz77c.o
         8          0          0          0          0         68   __main.o
         0          0          0          0          0          0   __rtentry.o
        12          0          0          0          0          0   __rtentry2.o
         6          0          0          0          0          0   __rtentry4.o
        52          8          0          0          0          0   __scatter.o
        28          0          0          0          0          0   __scatter_zi.o
        18          0          0          0          0         80   exit.o
         6          0          0          0          0        152   heapauxi.o
         2          0          0          0          0          0   libinit.o
         2          0          0          0          0          0   libinit2.o
         2          0          0          0          0          0   libshutdown.o
         2          0          0          0          0          0   libshutdown2.o
         8          4          0          0         96         68   libspace.o
        68          0          0          0          0         68   rt_memclr.o
        78          0          0          0          0         80   rt_memclr_w.o
         2          0          0          0          0          0   rtexit.o
        10          0          0          0          0          0   rtexit2.o
        74          0          0          0          0         80   sys_stackheap_outer.o
         2          0          0          0          0         68   use_no_semi.o
         2          0          0          0          0         68   use_no_semi_2.o

    ----------------------------------------------------------------------
       484         12          0          0         96        732   Library Totals
         2          0          0          0          0          0   (incl. Padding)

    ----------------------------------------------------------------------

      Code (inc. data)   RO Data    RW Data    ZI Data      Debug   Library Name

       482         12          0          0         96        732   c_w.l

    ----------------------------------------------------------------------
       484         12          0          0         96        732   Library Totals

    ----------------------------------------------------------------------

==============================================================================


      Code (inc. data)   RO Data    RW Data    ZI Data      Debug   

      7272        324       2408       2076       3332     273605   Grand Totals
      7272        324       2408        632       3332     273605   ELF Image Totals (compressed)
      7272        324       2408        632          0          0   ROM Totals

==============================================================================

    Total RO  Size (Code + RO Data)                 9680 (   9.45kB)
    Total RW  Size (RW Data + ZI Data)              5408 (   5.28kB)
    Total ROM Size (Code + RO Data + RW Data)      10312 (  10.07kB)

==============================================================================

