<html>
<body>
<pre>
<h1>礦ision Build Log</h1>
<h2>Project:</h2>
C:\Documents and Settings\Administrator\桌面\STM32F103C8系统板1.2\库函数3.5版程序\串口2 esp8266测试\USER\template.uvproj
Project File Date:  09/23/2015

<h2>Output:</h2>
Build target 'Target 1'
compiling main.c...
compiling usart.c...
compiling led.c...
linking...
Program Size: Code=5788 RO-data=268 RW-data=152 ZI-data=1888  
FromELF: creating hex file...
"..\OBJ\template.axf" - 0 Error(s), 0 Warning(s).
Build target 'Target 1'
compiling main.c...
linking...
Program Size: Code=5788 RO-data=268 RW-data=152 ZI-data=1888  
FromELF: creating hex file...
"..\OBJ\template.axf" - 0 Error(s), 0 Warning(s).
Build target 'Target 1'
compiling main.c...
linking...
Program Size: Code=5788 RO-data=268 RW-data=152 ZI-data=1888  
FromELF: creating hex file...
"..\OBJ\template.axf" - 0 Error(s), 0 Warning(s).
Build target 'Target 1'
linking...
Program Size: Code=5788 RO-data=268 RW-data=152 ZI-data=1888  
FromELF: creating hex file...
"..\OBJ\template.axf" - 0 Error(s), 0 Warning(s).
