<html>
<body>
<pre>
<h1>µVision Build Log</h1>
<h2>Tool Versions:</h2>
IDE-Version: µVision V5.20.0.39
Copyright (C) 2016 ARM Ltd and ARM Germany GmbH. All rights reserved.
License Information: 123 123, 123, LIC=03C6R-K4P14-SBKEJ-UJR4C-BNK0T-94A3X
 
Tool Versions:
Toolchain:       MDK-ARM Plus  Version: 5.33.0.0
Toolchain Path:  C:\Keil_v5\ARM\ARMCC\Bin
C Compiler:      Armcc.exe V5.06 update 7 (build 960)
Assembler:       Armasm.exe V5.06 update 7 (build 960)
Linker/Locator:  ArmLink.exe V5.06 update 7 (build 960)
Library Manager: ArmAr.exe V5.06 update 7 (build 960)
Hex Converter:   FromElf.exe V5.06 update 7 (build 960)
CPU DLL:         SARMCM3.DLL V5.33.0.0
Dialog DLL:      DARMSTM.DLL V1.68.0.0
Target DLL:      Segger\JL2CM3.dll V2.99.38.0
Dialog DLL:      TARMSTM.DLL V1.66.0.0
 
<h2>Project:</h2>
D:\MyCode\stm32ÌìÆø\10 ´®¿Ú2 esp8266²âÊÔ\USER\template.uvproj
Project File Date:  05/09/2021

<h2>Output:</h2>
*** Using Compiler 'V5.06 update 7 (build 960)', folder: 'C:\Keil_v5\ARM\ARMCC\Bin'
Rebuild target 'Target 1'
compiling main.c...
main.c(57): warning:  #167-D: argument of type "u8 *" is incompatible with parameter of type "const char *"
  	if(strstr(RX_buffer,p)!=NULL)
main.c(57): warning:  #167-D: argument of type "u8 *" is incompatible with parameter of type "const char *"
  	if(strstr(RX_buffer,p)!=NULL)
main.c: 2 warnings, 0 errors
compiling system_stm32f10x.c...
compiling stm32f10x_it.c...
compiling misc.c...
compiling stm32f10x_rcc.c...
compiling stm32f10x_gpio.c...
assembling startup_stm32f10x_md.s...
compiling core_cm3.c...
compiling stm32f10x_usart.c...
compiling delay.c...
compiling led.c...
compiling usart.c...
linking...
Program Size: Code=5056 RO-data=268 RW-data=52 ZI-data=1988  
FromELF: creating hex file...
"..\OBJ\template.axf" - 0 Error(s), 2 Warning(s).
Build Time Elapsed:  00:00:02
</pre>
</body>
</html>
